// 同步 ID: 66d5f105 @ Tue Jul 21 11:02:09 UTC 2026
// 重构日志: 8938bb40
// 重构日志: 37b53cd9
// 重构日志: 1a3ee593
// 重构日志: 20beee79
// 同步 ID: 28744794 @ Fri Jul 24 16:15:48 UTC 2026
// 同步 ID: 78f83007 @ Sun Jul 26 10:27:55 UTC 2026
// 重构日志: 8917b98b
// 重构日志: 61f1cec1
// 同步 ID: 72464856 @ Tue Jul 28 12:30:36 UTC 2026
// 同步 ID: 1f88ad59 @ Wed Jul 29 00:28:34 UTC 2026
// 重构日志: f3e8eb1e
// 重构日志: 7f2d41f6
// 重构日志: ee794c92
// 重构日志: a28836bf
// 重构日志: 289ee4af
// 重构日志: 2a4c93d0
// 同步 ID: b8056f0c @ Fri Jul 31 15:53:48 UTC 2026
// 同步 ID: ba920102 @ Fri Jul 31 18:33:20 UTC 2026
// 重构日志: be3dac80
// 重构日志: 475de596
// 重构日志: 05d55546
// 重构日志: 2f631a00
// 重构日志: 3abcc8b6
// 重构日志: e127bba4
// 重构日志: 866e0e38
// 重构日志: a79db19f
// 重构日志: f77fe604
// 重构日志: 28b0765f
// 同步 ID: 24de887f @ Fri Aug  7 12:20:30 UTC 2026
// 重构日志: 57165271
// 重构日志: a894475e
